[0m08:28:11.484738 [debug] [MainThread]: Sending event: {'category': 'dbt', 'action': 'invocation', 'label': 'start', 'context': [<snowplow_tracker.self_describing_json.SelfDescribingJson object at 0x0000011288A87AD0>, <snowplow_tracker.self_describing_json.SelfDescribingJson object at 0x0000011288B0AFD0>, <snowplow_tracker.self_describing_json.SelfDescribingJson object at 0x0000011288B0AA90>]}


============================== 08:28:11.489121 | 06a9359b-8035-465d-bfc9-03aaefb6032f ==============================
[0m08:28:11.489121 [info ] [MainThread]: Running with dbt=1.11.2
[0m08:28:11.490166 [debug] [MainThread]: running dbt with arguments {'version_check': 'True', 'no_print': 'None', 'static_parser': 'True', 'target_path': 'None', 'warn_error_options': 'WarnErrorOptionsV2(error=[], warn=[], silence=[])', 'printer_width': '80', 'write_json': 'True', 'introspect': 'True', 'log_cache_events': 'False', 'empty': 'False', 'cache_selected_only': 'False', 'log_format': 'default', 'debug': 'False', 'fail_fast': 'False', 'partial_parse': 'True', 'send_anonymous_usage_stats': 'True', 'quiet': 'False', 'warn_error': 'None', 'profiles_dir': 'C:\\Users\\FD\\.dbt', 'invocation_command': 'dbt run', 'use_colors': 'True', 'indirect_selection': 'eager', 'use_experimental_parser': 'False', 'log_path': 'C:\\Users\\FD\\data-stack\\dbt\\logs'}
[0m08:28:11.748581 [debug] [MainThread]: Sending event: {'category': 'dbt', 'action': 'project_id', 'label': '06a9359b-8035-465d-bfc9-03aaefb6032f', 'context': [<snowplow_tracker.self_describing_json.SelfDescribingJson object at 0x0000011288A842D0>]}
[0m08:28:11.827525 [debug] [MainThread]: Sending event: {'category': 'dbt', 'action': 'adapter_info', 'label': '06a9359b-8035-465d-bfc9-03aaefb6032f', 'context': [<snowplow_tracker.self_describing_json.SelfDescribingJson object at 0x0000011285292490>]}
[0m08:28:11.832190 [info ] [MainThread]: Registered adapter: postgres=1.10.0
[0m08:28:12.062913 [debug] [MainThread]: checksum: 3d40d8bbe1bef07db1c24822f2dbfff8bc07f2a48ed4fe2658a40653aec0b54b, vars: {}, profile: , target: , version: 1.11.2
[0m08:28:12.062913 [info ] [MainThread]: Unable to do partial parsing because saved manifest not found. Starting full parse.
[0m08:28:12.062913 [debug] [MainThread]: Sending event: {'category': 'dbt', 'action': 'partial_parser', 'label': '06a9359b-8035-465d-bfc9-03aaefb6032f', 'context': [<snowplow_tracker.self_describing_json.SelfDescribingJson object at 0x0000011289CAFA10>]}
[0m08:28:13.225875 [debug] [MainThread]: Sending event: {'category': 'dbt', 'action': 'load_project', 'label': '06a9359b-8035-465d-bfc9-03aaefb6032f', 'context': [<snowplow_tracker.self_describing_json.SelfDescribingJson object at 0x000001128A0F4790>]}
[0m08:28:13.291168 [debug] [MainThread]: Wrote artifact WritableManifest to C:\Users\FD\data-stack\dbt\target\manifest.json
[0m08:28:13.294628 [debug] [MainThread]: Wrote artifact SemanticManifest to C:\Users\FD\data-stack\dbt\target\semantic_manifest.json
[0m08:28:13.323300 [debug] [MainThread]: Sending event: {'category': 'dbt', 'action': 'resource_counts', 'label': '06a9359b-8035-465d-bfc9-03aaefb6032f', 'context': [<snowplow_tracker.self_describing_json.SelfDescribingJson object at 0x000001128A3D7FD0>]}
[0m08:28:13.323922 [info ] [MainThread]: Found 10 models, 4 sources, 464 macros
[0m08:28:13.324568 [debug] [MainThread]: Sending event: {'category': 'dbt', 'action': 'runnable_timing', 'label': '06a9359b-8035-465d-bfc9-03aaefb6032f', 'context': [<snowplow_tracker.self_describing_json.SelfDescribingJson object at 0x000001128A1ECCD0>]}
[0m08:28:13.326800 [info ] [MainThread]: 
[0m08:28:13.327376 [info ] [MainThread]: Concurrency: 4 threads (target='dev')
[0m08:28:13.328422 [info ] [MainThread]: 
[0m08:28:13.329045 [debug] [MainThread]: Acquiring new postgres connection 'master'
[0m08:28:13.333570 [debug] [ThreadPool]: Acquiring new postgres connection 'list_clinic_db'
[0m08:28:13.402615 [debug] [ThreadPool]: Using postgres connection "list_clinic_db"
[0m08:28:13.402615 [debug] [ThreadPool]: On list_clinic_db: /* {"app": "dbt", "dbt_version": "1.11.2", "profile_name": "analytics", "target_name": "dev", "connection_name": "list_clinic_db"} */

    select distinct nspname from pg_namespace
  
[0m08:28:13.402615 [debug] [ThreadPool]: Opening a new connection, currently in state init
[0m08:28:13.427157 [debug] [ThreadPool]: SQL status: SELECT 4 in 0.023 seconds
[0m08:28:13.428192 [debug] [ThreadPool]: On list_clinic_db: Close
[0m08:28:13.428708 [debug] [ThreadPool]: Acquiring new postgres connection 'list_clinic_db_public'
[0m08:28:13.435170 [debug] [ThreadPool]: Using postgres connection "list_clinic_db_public"
[0m08:28:13.436243 [debug] [ThreadPool]: On list_clinic_db_public: /* {"app": "dbt", "dbt_version": "1.11.2", "profile_name": "analytics", "target_name": "dev", "connection_name": "list_clinic_db_public"} */
select
      'clinic_db' as database,
      tablename as name,
      schemaname as schema,
      'table' as type
    from pg_tables
    where schemaname ilike 'public'
    union all
    select
      'clinic_db' as database,
      viewname as name,
      schemaname as schema,
      'view' as type
    from pg_views
    where schemaname ilike 'public'
    union all
    select
      'clinic_db' as database,
      matviewname as name,
      schemaname as schema,
      'materialized_view' as type
    from pg_matviews
    where schemaname ilike 'public'
  
[0m08:28:13.436243 [debug] [ThreadPool]: Opening a new connection, currently in state init
[0m08:28:13.453174 [debug] [ThreadPool]: SQL status: SELECT 14 in 0.016 seconds
[0m08:28:13.454850 [debug] [ThreadPool]: On list_clinic_db_public: ROLLBACK
[0m08:28:13.456210 [debug] [ThreadPool]: On list_clinic_db_public: Close
[0m08:28:13.463626 [debug] [MainThread]: Using postgres connection "master"
[0m08:28:13.464178 [debug] [MainThread]: On master: /* {"app": "dbt", "dbt_version": "1.11.2", "profile_name": "analytics", "target_name": "dev", "connection_name": "master"} */
select distinct
        dependent_namespace.nspname as dependent_schema,
        dependent_class.relname as dependent_name,
        referenced_namespace.nspname as referenced_schema,
        referenced_class.relname as referenced_name

    -- Query for views: views are entries in pg_class with an entry in pg_rewrite, but we avoid
    -- a seq scan on pg_rewrite by leveraging the fact there is an "internal" row in pg_depend for
    -- the view...
    from pg_class as dependent_class
    join pg_namespace as dependent_namespace on dependent_namespace.oid = dependent_class.relnamespace
    join pg_depend as dependent_depend on dependent_depend.refobjid = dependent_class.oid
        and dependent_depend.classid = 'pg_rewrite'::regclass
        and dependent_depend.refclassid = 'pg_class'::regclass
        and dependent_depend.deptype = 'i'

    -- ... and via pg_depend (that has a row per column, hence the need for "distinct" above, and
    -- making sure to exclude the internal row to avoid a view appearing to depend on itself)...
    join pg_depend as joining_depend on joining_depend.objid = dependent_depend.objid
        and joining_depend.classid = 'pg_rewrite'::regclass
        and joining_depend.refclassid = 'pg_class'::regclass
        and joining_depend.refobjid != dependent_depend.refobjid

    -- ... we can find the tables they query from in pg_class, but excluding system tables. Note we
    -- don't need need to exclude _dependent_ system tables, because they only query from other
    -- system tables, and so are automatically excluded by excluding _referenced_ system tables
    join pg_class as referenced_class on referenced_class.oid = joining_depend.refobjid
    join pg_namespace as referenced_namespace on referenced_namespace.oid = referenced_class.relnamespace
        and referenced_namespace.nspname != 'information_schema'
        and referenced_namespace.nspname not like 'pg\_%'

    order by
        dependent_schema, dependent_name, referenced_schema, referenced_name;
[0m08:28:13.464729 [debug] [MainThread]: Opening a new connection, currently in state init
[0m08:28:13.479625 [debug] [MainThread]: SQL status: SELECT 5 in 0.017 seconds
[0m08:28:13.484097 [debug] [MainThread]: Sending event: {'category': 'dbt', 'action': 'runnable_timing', 'label': '06a9359b-8035-465d-bfc9-03aaefb6032f', 'context': [<snowplow_tracker.self_describing_json.SelfDescribingJson object at 0x000001128A7A0050>]}
[0m08:28:13.484599 [debug] [MainThread]: On master: ROLLBACK
[0m08:28:13.484599 [debug] [MainThread]: On master: COMMIT
[0m08:28:13.484599 [debug] [MainThread]: Using postgres connection "master"
[0m08:28:13.484599 [debug] [MainThread]: On master: COMMIT
[0m08:28:13.488210 [debug] [MainThread]: SQL status: COMMIT in 0.001 seconds
[0m08:28:13.488784 [debug] [MainThread]: On master: Close
[0m08:28:13.494593 [debug] [Thread-1 (]: Began running node model.analytics.stg_doctors
[0m08:28:13.495097 [debug] [Thread-2 (]: Began running node model.analytics.stg_patient2
[0m08:28:13.495616 [debug] [Thread-3 (]: Began running node model.analytics.stg_patients
[0m08:28:13.496135 [debug] [Thread-4 (]: Began running node model.analytics.stg_treatments
[0m08:28:13.496659 [info ] [Thread-1 (]: 1 of 10 START sql view model public.stg_doctors ................................ [RUN]
[0m08:28:13.496659 [info ] [Thread-2 (]: 2 of 10 START sql view model public.stg_patient2 ............................... [RUN]
[0m08:28:13.498173 [info ] [Thread-3 (]: 3 of 10 START sql view model public.stg_patients ............................... [RUN]
[0m08:28:13.498173 [info ] [Thread-4 (]: 4 of 10 START sql view model public.stg_treatments ............................. [RUN]
[0m08:28:13.500923 [debug] [Thread-1 (]: Acquiring new postgres connection 'model.analytics.stg_doctors'
[0m08:28:13.502018 [debug] [Thread-2 (]: Acquiring new postgres connection 'model.analytics.stg_patient2'
[0m08:28:13.503159 [debug] [Thread-3 (]: Acquiring new postgres connection 'model.analytics.stg_patients'
[0m08:28:13.504822 [debug] [Thread-4 (]: Acquiring new postgres connection 'model.analytics.stg_treatments'
[0m08:28:13.505892 [debug] [Thread-1 (]: Began compiling node model.analytics.stg_doctors
[0m08:28:13.509041 [debug] [Thread-2 (]: Began compiling node model.analytics.stg_patient2
[0m08:28:13.510298 [debug] [Thread-3 (]: Began compiling node model.analytics.stg_patients
[0m08:28:13.511421 [debug] [Thread-4 (]: Began compiling node model.analytics.stg_treatments
[0m08:28:13.529310 [debug] [Thread-1 (]: Writing injected SQL for node "model.analytics.stg_doctors"
[0m08:28:13.535482 [debug] [Thread-2 (]: Writing injected SQL for node "model.analytics.stg_patient2"
[0m08:28:13.541425 [debug] [Thread-3 (]: Writing injected SQL for node "model.analytics.stg_patients"
[0m08:28:13.546625 [debug] [Thread-4 (]: Writing injected SQL for node "model.analytics.stg_treatments"
[0m08:28:13.563451 [debug] [Thread-1 (]: Began executing node model.analytics.stg_doctors
[0m08:28:13.563991 [debug] [Thread-4 (]: Began executing node model.analytics.stg_treatments
[0m08:28:13.564070 [debug] [Thread-3 (]: Began executing node model.analytics.stg_patients
[0m08:28:13.579374 [debug] [Thread-2 (]: Began executing node model.analytics.stg_patient2
[0m08:28:13.595209 [debug] [Thread-1 (]: Writing runtime sql for node "model.analytics.stg_doctors"
[0m08:28:13.596819 [debug] [Thread-4 (]: Writing runtime sql for node "model.analytics.stg_treatments"
[0m08:28:13.601958 [debug] [Thread-3 (]: Writing runtime sql for node "model.analytics.stg_patients"
[0m08:28:13.643527 [debug] [Thread-2 (]: Writing runtime sql for node "model.analytics.stg_patient2"
[0m08:28:13.653625 [debug] [Thread-4 (]: Using postgres connection "model.analytics.stg_treatments"
[0m08:28:13.653625 [debug] [Thread-4 (]: On model.analytics.stg_treatments: /* {"app": "dbt", "dbt_version": "1.11.2", "profile_name": "analytics", "target_name": "dev", "node_id": "model.analytics.stg_treatments"} */

  create view "clinic_db"."public"."stg_treatments__dbt_tmp"
    
    
  as (
    -- models/staging/stg_treatments
select
  treatment_id::int,
  visit_id::int,
  type_traitement,
  cout::int
from "clinic_db"."public"."treatments"
  );
[0m08:28:13.653625 [debug] [Thread-4 (]: Opening a new connection, currently in state init
[0m08:28:13.653625 [debug] [Thread-1 (]: Using postgres connection "model.analytics.stg_doctors"
[0m08:28:13.653625 [debug] [Thread-3 (]: Using postgres connection "model.analytics.stg_patients"
[0m08:28:13.657698 [debug] [Thread-2 (]: Using postgres connection "model.analytics.stg_patient2"
[0m08:28:13.657698 [debug] [Thread-1 (]: On model.analytics.stg_doctors: /* {"app": "dbt", "dbt_version": "1.11.2", "profile_name": "analytics", "target_name": "dev", "node_id": "model.analytics.stg_doctors"} */

  create view "clinic_db"."public"."stg_doctors__dbt_tmp"
    
    
  as (
    with source as (
    select * from "clinic_db"."public"."doctors"
),

renamed as (
    select
        doctor_id,
        nom as last_name,
        prenom as first_name,
        specialite as specialty,
        anciennete as seniority_years,
        salaire as salary
    from source
)

select * from renamed
  );
[0m08:28:13.657698 [debug] [Thread-3 (]: On model.analytics.stg_patients: /* {"app": "dbt", "dbt_version": "1.11.2", "profile_name": "analytics", "target_name": "dev", "node_id": "model.analytics.stg_patients"} */

  create view "clinic_db"."public"."stg_patients__dbt_tmp"
    
    
  as (
    -- models/staging/stg_patients.sql

with source_data as (
  
    select * from "clinic_db"."public"."patients"
)

select
    patient_id,
    prenom,
    nom,
    sexe,
    -- On convertit explicitement en date ici pour plus de sécurité
    date_naissance::date as date_naissance, 
    -- On ajoute ::date à la colonne pour que la fonction age() fonctionne
    extract(year from age(current_date, date_naissance::date)) as age
from source_data
  );
[0m08:28:13.657698 [debug] [Thread-2 (]: On model.analytics.stg_patient2: /* {"app": "dbt", "dbt_version": "1.11.2", "profile_name": "analytics", "target_name": "dev", "node_id": "model.analytics.stg_patient2"} */

  create view "clinic_db"."public"."stg_patient2__dbt_tmp"
    
    
  as (
    select
    patient_id,
    upper(prenom) as prenom,
    upper(nom) as nom,
    sexe,
    date_naissance

from "clinic_db"."public"."patients"
    where patient_id is not null
  );
[0m08:28:13.657698 [debug] [Thread-1 (]: Opening a new connection, currently in state init
[0m08:28:13.657698 [debug] [Thread-3 (]: Opening a new connection, currently in state init
[0m08:28:13.657698 [debug] [Thread-2 (]: Opening a new connection, currently in state init
[0m08:28:13.673879 [debug] [Thread-4 (]: SQL status: CREATE VIEW in 0.020 seconds
[0m08:28:13.673879 [debug] [Thread-4 (]: Using postgres connection "model.analytics.stg_treatments"
[0m08:28:13.684036 [debug] [Thread-4 (]: On model.analytics.stg_treatments: /* {"app": "dbt", "dbt_version": "1.11.2", "profile_name": "analytics", "target_name": "dev", "node_id": "model.analytics.stg_treatments"} */
alter table "clinic_db"."public"."stg_treatments" rename to "stg_treatments__dbt_backup"
[0m08:28:13.684036 [debug] [Thread-4 (]: SQL status: ALTER TABLE in 0.001 seconds
[0m08:28:13.688718 [debug] [Thread-4 (]: Using postgres connection "model.analytics.stg_treatments"
[0m08:28:13.688718 [debug] [Thread-1 (]: SQL status: CREATE VIEW in 0.030 seconds
[0m08:28:13.688718 [debug] [Thread-3 (]: SQL status: CREATE VIEW in 0.030 seconds
[0m08:28:13.688718 [debug] [Thread-2 (]: SQL status: CREATE VIEW in 0.030 seconds
[0m08:28:13.688718 [debug] [Thread-4 (]: On model.analytics.stg_treatments: /* {"app": "dbt", "dbt_version": "1.11.2", "profile_name": "analytics", "target_name": "dev", "node_id": "model.analytics.stg_treatments"} */
alter table "clinic_db"."public"."stg_treatments__dbt_tmp" rename to "stg_treatments"
[0m08:28:13.688718 [debug] [Thread-1 (]: Using postgres connection "model.analytics.stg_doctors"
[0m08:28:13.694237 [debug] [Thread-3 (]: Using postgres connection "model.analytics.stg_patients"
[0m08:28:13.694237 [debug] [Thread-2 (]: Using postgres connection "model.analytics.stg_patient2"
[0m08:28:13.694237 [debug] [Thread-1 (]: On model.analytics.stg_doctors: /* {"app": "dbt", "dbt_version": "1.11.2", "profile_name": "analytics", "target_name": "dev", "node_id": "model.analytics.stg_doctors"} */
alter table "clinic_db"."public"."stg_doctors" rename to "stg_doctors__dbt_backup"
[0m08:28:13.694237 [debug] [Thread-3 (]: On model.analytics.stg_patients: /* {"app": "dbt", "dbt_version": "1.11.2", "profile_name": "analytics", "target_name": "dev", "node_id": "model.analytics.stg_patients"} */
alter table "clinic_db"."public"."stg_patients" rename to "stg_patients__dbt_backup"
[0m08:28:13.694237 [debug] [Thread-4 (]: SQL status: ALTER TABLE in 0.001 seconds
[0m08:28:13.694237 [debug] [Thread-2 (]: On model.analytics.stg_patient2: /* {"app": "dbt", "dbt_version": "1.11.2", "profile_name": "analytics", "target_name": "dev", "node_id": "model.analytics.stg_patient2"} */
alter table "clinic_db"."public"."stg_patient2" rename to "stg_patient2__dbt_backup"
[0m08:28:13.704411 [debug] [Thread-3 (]: SQL status: ALTER TABLE in 0.002 seconds
[0m08:28:13.704916 [debug] [Thread-1 (]: SQL status: ALTER TABLE in 0.003 seconds
[0m08:28:13.714567 [debug] [Thread-4 (]: On model.analytics.stg_treatments: COMMIT
[0m08:28:13.714567 [debug] [Thread-3 (]: Using postgres connection "model.analytics.stg_patients"
[0m08:28:13.714567 [debug] [Thread-2 (]: SQL status: ALTER TABLE in 0.003 seconds
[0m08:28:13.720726 [debug] [Thread-1 (]: Using postgres connection "model.analytics.stg_doctors"
[0m08:28:13.720726 [debug] [Thread-4 (]: Using postgres connection "model.analytics.stg_treatments"
[0m08:28:13.720726 [debug] [Thread-3 (]: On model.analytics.stg_patients: /* {"app": "dbt", "dbt_version": "1.11.2", "profile_name": "analytics", "target_name": "dev", "node_id": "model.analytics.stg_patients"} */
alter table "clinic_db"."public"."stg_patients__dbt_tmp" rename to "stg_patients"
[0m08:28:13.724811 [debug] [Thread-2 (]: Using postgres connection "model.analytics.stg_patient2"
[0m08:28:13.724811 [debug] [Thread-1 (]: On model.analytics.stg_doctors: /* {"app": "dbt", "dbt_version": "1.11.2", "profile_name": "analytics", "target_name": "dev", "node_id": "model.analytics.stg_doctors"} */
alter table "clinic_db"."public"."stg_doctors__dbt_tmp" rename to "stg_doctors"
[0m08:28:13.724811 [debug] [Thread-4 (]: On model.analytics.stg_treatments: COMMIT
[0m08:28:13.724811 [debug] [Thread-2 (]: On model.analytics.stg_patient2: /* {"app": "dbt", "dbt_version": "1.11.2", "profile_name": "analytics", "target_name": "dev", "node_id": "model.analytics.stg_patient2"} */
alter table "clinic_db"."public"."stg_patient2__dbt_tmp" rename to "stg_patient2"
[0m08:28:13.724811 [debug] [Thread-3 (]: SQL status: ALTER TABLE in 0.001 seconds
[0m08:28:13.724811 [debug] [Thread-1 (]: SQL status: ALTER TABLE in 0.001 seconds
[0m08:28:13.724811 [debug] [Thread-3 (]: On model.analytics.stg_patients: COMMIT
[0m08:28:13.724811 [debug] [Thread-4 (]: SQL status: COMMIT in 0.003 seconds
[0m08:28:13.724811 [debug] [Thread-2 (]: SQL status: ALTER TABLE in 0.002 seconds
[0m08:28:13.724811 [debug] [Thread-1 (]: On model.analytics.stg_doctors: COMMIT
[0m08:28:13.724811 [debug] [Thread-3 (]: Using postgres connection "model.analytics.stg_patients"
[0m08:28:13.739338 [debug] [Thread-4 (]: Applying DROP to: "clinic_db"."public"."stg_treatments__dbt_backup"
[0m08:28:13.741554 [debug] [Thread-2 (]: On model.analytics.stg_patient2: COMMIT
[0m08:28:13.742620 [debug] [Thread-1 (]: Using postgres connection "model.analytics.stg_doctors"
[0m08:28:13.743161 [debug] [Thread-3 (]: On model.analytics.stg_patients: COMMIT
[0m08:28:13.748495 [debug] [Thread-4 (]: Using postgres connection "model.analytics.stg_treatments"
[0m08:28:13.748495 [debug] [Thread-2 (]: Using postgres connection "model.analytics.stg_patient2"
[0m08:28:13.748495 [debug] [Thread-1 (]: On model.analytics.stg_doctors: COMMIT
[0m08:28:13.752011 [debug] [Thread-4 (]: On model.analytics.stg_treatments: /* {"app": "dbt", "dbt_version": "1.11.2", "profile_name": "analytics", "target_name": "dev", "node_id": "model.analytics.stg_treatments"} */
drop view if exists "clinic_db"."public"."stg_treatments__dbt_backup" cascade
[0m08:28:13.752011 [debug] [Thread-2 (]: On model.analytics.stg_patient2: COMMIT
[0m08:28:13.752011 [debug] [Thread-3 (]: SQL status: COMMIT in 0.002 seconds
[0m08:28:13.759836 [debug] [Thread-3 (]: Applying DROP to: "clinic_db"."public"."stg_patients__dbt_backup"
[0m08:28:13.760359 [debug] [Thread-1 (]: SQL status: COMMIT in 0.006 seconds
[0m08:28:13.760882 [debug] [Thread-2 (]: SQL status: COMMIT in 0.006 seconds
[0m08:28:13.761400 [debug] [Thread-4 (]: SQL status: DROP VIEW in 0.007 seconds
[0m08:28:13.762441 [debug] [Thread-3 (]: Using postgres connection "model.analytics.stg_patients"
[0m08:28:13.765123 [debug] [Thread-1 (]: Applying DROP to: "clinic_db"."public"."stg_doctors__dbt_backup"
[0m08:28:13.767299 [debug] [Thread-2 (]: Applying DROP to: "clinic_db"."public"."stg_patient2__dbt_backup"
[0m08:28:13.770045 [debug] [Thread-4 (]: On model.analytics.stg_treatments: Close
[0m08:28:13.770566 [debug] [Thread-3 (]: On model.analytics.stg_patients: /* {"app": "dbt", "dbt_version": "1.11.2", "profile_name": "analytics", "target_name": "dev", "node_id": "model.analytics.stg_patients"} */
drop view if exists "clinic_db"."public"."stg_patients__dbt_backup" cascade
[0m08:28:13.771199 [debug] [Thread-1 (]: Using postgres connection "model.analytics.stg_doctors"
[0m08:28:13.771763 [debug] [Thread-2 (]: Using postgres connection "model.analytics.stg_patient2"
[0m08:28:13.772840 [debug] [Thread-1 (]: On model.analytics.stg_doctors: /* {"app": "dbt", "dbt_version": "1.11.2", "profile_name": "analytics", "target_name": "dev", "node_id": "model.analytics.stg_doctors"} */
drop view if exists "clinic_db"."public"."stg_doctors__dbt_backup" cascade
[0m08:28:13.772840 [debug] [Thread-2 (]: On model.analytics.stg_patient2: /* {"app": "dbt", "dbt_version": "1.11.2", "profile_name": "analytics", "target_name": "dev", "node_id": "model.analytics.stg_patient2"} */
drop view if exists "clinic_db"."public"."stg_patient2__dbt_backup" cascade
[0m08:28:13.775933 [debug] [Thread-4 (]: Sending event: {'category': 'dbt', 'action': 'run_model', 'label': '06a9359b-8035-465d-bfc9-03aaefb6032f', 'context': [<snowplow_tracker.self_describing_json.SelfDescribingJson object at 0x000001128551DF90>]}
[0m08:28:13.775933 [debug] [Thread-3 (]: SQL status: DROP VIEW in 0.003 seconds
[0m08:28:13.775933 [info ] [Thread-4 (]: 4 of 10 OK created sql view model public.stg_treatments ........................ [[32mCREATE VIEW[0m in 0.27s]
[0m08:28:13.775933 [debug] [Thread-3 (]: On model.analytics.stg_patients: Close
[0m08:28:13.775933 [debug] [Thread-1 (]: SQL status: DROP VIEW in 0.003 seconds
[0m08:28:13.775933 [debug] [Thread-2 (]: SQL status: DROP VIEW in 0.004 seconds
[0m08:28:13.775933 [debug] [Thread-4 (]: Finished running node model.analytics.stg_treatments
[0m08:28:13.775933 [debug] [Thread-3 (]: Sending event: {'category': 'dbt', 'action': 'run_model', 'label': '06a9359b-8035-465d-bfc9-03aaefb6032f', 'context': [<snowplow_tracker.self_describing_json.SelfDescribingJson object at 0x000001128A7A0290>]}
[0m08:28:13.783023 [debug] [Thread-1 (]: On model.analytics.stg_doctors: Close
[0m08:28:13.783548 [debug] [Thread-2 (]: On model.analytics.stg_patient2: Close
[0m08:28:13.783548 [debug] [Thread-4 (]: Began running node model.analytics.stg_visits
[0m08:28:13.783548 [info ] [Thread-3 (]: 3 of 10 OK created sql view model public.stg_patients .......................... [[32mCREATE VIEW[0m in 0.27s]
[0m08:28:13.786239 [debug] [Thread-1 (]: Sending event: {'category': 'dbt', 'action': 'run_model', 'label': '06a9359b-8035-465d-bfc9-03aaefb6032f', 'context': [<snowplow_tracker.self_describing_json.SelfDescribingJson object at 0x000001128A28F250>]}
[0m08:28:13.786239 [debug] [Thread-2 (]: Sending event: {'category': 'dbt', 'action': 'run_model', 'label': '06a9359b-8035-465d-bfc9-03aaefb6032f', 'context': [<snowplow_tracker.self_describing_json.SelfDescribingJson object at 0x000001128A28FC90>]}
[0m08:28:13.786239 [info ] [Thread-4 (]: 5 of 10 START sql view model public.stg_visits ................................. [RUN]
[0m08:28:13.786239 [debug] [Thread-3 (]: Finished running node model.analytics.stg_patients
[0m08:28:13.786239 [info ] [Thread-1 (]: 1 of 10 OK created sql view model public.stg_doctors ........................... [[32mCREATE VIEW[0m in 0.29s]
[0m08:28:13.786239 [debug] [Thread-4 (]: Re-using an available connection from the pool (formerly model.analytics.stg_treatments, now model.analytics.stg_visits)
[0m08:28:13.786239 [info ] [Thread-2 (]: 2 of 10 OK created sql view model public.stg_patient2 .......................... [[32mCREATE VIEW[0m in 0.28s]
[0m08:28:13.786239 [debug] [Thread-1 (]: Finished running node model.analytics.stg_doctors
[0m08:28:13.786239 [debug] [Thread-3 (]: Began running node model.analytics.mart_patients
[0m08:28:13.793497 [debug] [Thread-4 (]: Began compiling node model.analytics.stg_visits
[0m08:28:13.793497 [debug] [Thread-2 (]: Finished running node model.analytics.stg_patient2
[0m08:28:13.793497 [debug] [Thread-1 (]: Began running node model.analytics.mart_visits
[0m08:28:13.796707 [debug] [Thread-4 (]: Writing injected SQL for node "model.analytics.stg_visits"
[0m08:28:13.793497 [info ] [Thread-3 (]: 6 of 10 START sql table model public.mart_patients ............................. [RUN]
[0m08:28:13.798714 [debug] [Thread-2 (]: Began running node model.analytics.mart_doctors
[0m08:28:13.799245 [info ] [Thread-1 (]: 7 of 10 START sql table model public.mart_visits ............................... [RUN]
[0m08:28:13.799245 [debug] [Thread-3 (]: Re-using an available connection from the pool (formerly model.analytics.stg_patients, now model.analytics.mart_patients)
[0m08:28:13.801464 [debug] [Thread-4 (]: Began executing node model.analytics.stg_visits
[0m08:28:13.799245 [info ] [Thread-2 (]: 8 of 10 START sql table model public.mart_doctors .............................. [RUN]
[0m08:28:13.801464 [debug] [Thread-1 (]: Re-using an available connection from the pool (formerly model.analytics.stg_doctors, now model.analytics.mart_visits)
[0m08:28:13.801464 [debug] [Thread-3 (]: Began compiling node model.analytics.mart_patients
[0m08:28:13.801464 [debug] [Thread-4 (]: Writing runtime sql for node "model.analytics.stg_visits"
[0m08:28:13.801464 [debug] [Thread-2 (]: Re-using an available connection from the pool (formerly model.analytics.stg_patient2, now model.analytics.mart_doctors)
[0m08:28:13.807051 [debug] [Thread-1 (]: Began compiling node model.analytics.mart_visits
[0m08:28:13.807051 [debug] [Thread-3 (]: Writing injected SQL for node "model.analytics.mart_patients"
[0m08:28:13.807051 [debug] [Thread-2 (]: Began compiling node model.analytics.mart_doctors
[0m08:28:13.807051 [debug] [Thread-1 (]: Writing injected SQL for node "model.analytics.mart_visits"
[0m08:28:13.807051 [debug] [Thread-4 (]: Using postgres connection "model.analytics.stg_visits"
[0m08:28:13.815164 [debug] [Thread-2 (]: Writing injected SQL for node "model.analytics.mart_doctors"
[0m08:28:13.817178 [debug] [Thread-4 (]: On model.analytics.stg_visits: /* {"app": "dbt", "dbt_version": "1.11.2", "profile_name": "analytics", "target_name": "dev", "node_id": "model.analytics.stg_visits"} */

  create view "clinic_db"."public"."stg_visits__dbt_tmp"
    
    
  as (
    -- models/staging/stg_visits.sql

select
  visit_id::int,
  patient_id::int,
  doctor_id::int,
  date_visite::date,
  motif,
  duree_attente_min::int,
  prix::int,
  paye::boolean
from "clinic_db"."public"."visits"
  );
[0m08:28:13.817389 [debug] [Thread-3 (]: Began executing node model.analytics.mart_patients
[0m08:28:13.817389 [debug] [Thread-1 (]: Began executing node model.analytics.mart_visits
[0m08:28:13.817389 [debug] [Thread-4 (]: Opening a new connection, currently in state closed
[0m08:28:13.830326 [debug] [Thread-2 (]: Began executing node model.analytics.mart_doctors
[0m08:28:13.837994 [debug] [Thread-3 (]: Writing runtime sql for node "model.analytics.mart_patients"
[0m08:28:13.837994 [debug] [Thread-1 (]: Writing runtime sql for node "model.analytics.mart_visits"
[0m08:28:13.846592 [debug] [Thread-2 (]: Writing runtime sql for node "model.analytics.mart_doctors"
[0m08:28:13.848246 [debug] [Thread-3 (]: Using postgres connection "model.analytics.mart_patients"
[0m08:28:13.848246 [debug] [Thread-1 (]: Using postgres connection "model.analytics.mart_visits"
[0m08:28:13.848246 [debug] [Thread-3 (]: On model.analytics.mart_patients: /* {"app": "dbt", "dbt_version": "1.11.2", "profile_name": "analytics", "target_name": "dev", "node_id": "model.analytics.mart_patients"} */

  
    

  create  table "clinic_db"."public"."mart_patients__dbt_tmp"
  
  
    as
  
  (
    -- models/marts/patients_by_gender.sql

select
    sexe,
    count(patient_id) as total_patients,
    round(avg(age), 1) as age_moyen -- round pour avoir un chiffre après la virgule
from "clinic_db"."public"."stg_patients"
group by 1
  );
  
[0m08:28:13.848246 [debug] [Thread-2 (]: Using postgres connection "model.analytics.mart_doctors"
[0m08:28:13.848246 [debug] [Thread-1 (]: On model.analytics.mart_visits: /* {"app": "dbt", "dbt_version": "1.11.2", "profile_name": "analytics", "target_name": "dev", "node_id": "model.analytics.mart_visits"} */

  
    

  create  table "clinic_db"."public"."mart_visits__dbt_tmp"
  
  
    as
  
  (
    -- models/marts/patients_by_gender.sql

select
    sexe,
    count(patient_id) as total_patients,
    round(avg(age), 1) as age_moyen -- round pour avoir un chiffre après la virgule
from "clinic_db"."public"."stg_patients"
group by 1
  );
  
[0m08:28:13.848246 [debug] [Thread-3 (]: Opening a new connection, currently in state closed
[0m08:28:13.848246 [debug] [Thread-2 (]: On model.analytics.mart_doctors: /* {"app": "dbt", "dbt_version": "1.11.2", "profile_name": "analytics", "target_name": "dev", "node_id": "model.analytics.mart_doctors"} */

  
    

  create  table "clinic_db"."public"."mart_doctors__dbt_tmp"
  
  
    as
  
  (
    with doctors as (
    select * from "clinic_db"."public"."stg_doctors"
),

final as (
    select
        doctor_id,
        upper(last_name) as last_name, -- Normalisation en majuscules
        first_name,
        specialty,
        seniority_years,
        salary,
        -- Ajout d'une logique métier : calcul du bonus
        case 
            when seniority_years > 10 then salary * 0.15 
            else salary * 0.05 
        end as estimated_bonus
    from doctors
)

select * from final
  );
  
[0m08:28:13.848246 [debug] [Thread-1 (]: Opening a new connection, currently in state closed
[0m08:28:13.848246 [debug] [Thread-2 (]: Opening a new connection, currently in state closed
[0m08:28:13.858254 [debug] [Thread-4 (]: SQL status: CREATE VIEW in 0.041 seconds
[0m08:28:13.862419 [debug] [Thread-4 (]: Using postgres connection "model.analytics.stg_visits"
[0m08:28:13.862419 [debug] [Thread-4 (]: On model.analytics.stg_visits: /* {"app": "dbt", "dbt_version": "1.11.2", "profile_name": "analytics", "target_name": "dev", "node_id": "model.analytics.stg_visits"} */
alter table "clinic_db"."public"."stg_visits" rename to "stg_visits__dbt_backup"
[0m08:28:13.862419 [debug] [Thread-4 (]: SQL status: ALTER TABLE in 0.001 seconds
[0m08:28:13.868500 [debug] [Thread-4 (]: Using postgres connection "model.analytics.stg_visits"
[0m08:28:13.868500 [debug] [Thread-4 (]: On model.analytics.stg_visits: /* {"app": "dbt", "dbt_version": "1.11.2", "profile_name": "analytics", "target_name": "dev", "node_id": "model.analytics.stg_visits"} */
alter table "clinic_db"."public"."stg_visits__dbt_tmp" rename to "stg_visits"
[0m08:28:13.868500 [debug] [Thread-4 (]: SQL status: ALTER TABLE in 0.001 seconds
[0m08:28:13.868500 [debug] [Thread-4 (]: On model.analytics.stg_visits: COMMIT
[0m08:28:13.868500 [debug] [Thread-4 (]: Using postgres connection "model.analytics.stg_visits"
[0m08:28:13.868500 [debug] [Thread-4 (]: On model.analytics.stg_visits: COMMIT
[0m08:28:13.877577 [debug] [Thread-4 (]: SQL status: COMMIT in 0.003 seconds
[0m08:28:13.878701 [debug] [Thread-4 (]: Applying DROP to: "clinic_db"."public"."stg_visits__dbt_backup"
[0m08:28:13.878701 [debug] [Thread-3 (]: SQL status: SELECT 2 in 0.030 seconds
[0m08:28:13.878701 [debug] [Thread-4 (]: Using postgres connection "model.analytics.stg_visits"
[0m08:28:13.878701 [debug] [Thread-3 (]: Using postgres connection "model.analytics.mart_patients"
[0m08:28:13.888818 [debug] [Thread-2 (]: SQL status: SELECT 20 in 0.035 seconds
[0m08:28:13.888818 [debug] [Thread-1 (]: SQL status: SELECT 2 in 0.036 seconds
[0m08:28:13.888818 [debug] [Thread-4 (]: On model.analytics.stg_visits: /* {"app": "dbt", "dbt_version": "1.11.2", "profile_name": "analytics", "target_name": "dev", "node_id": "model.analytics.stg_visits"} */
drop view if exists "clinic_db"."public"."stg_visits__dbt_backup" cascade
[0m08:28:13.888818 [debug] [Thread-3 (]: On model.analytics.mart_patients: /* {"app": "dbt", "dbt_version": "1.11.2", "profile_name": "analytics", "target_name": "dev", "node_id": "model.analytics.mart_patients"} */
alter table "clinic_db"."public"."mart_patients" rename to "mart_patients__dbt_backup"
[0m08:28:13.888818 [debug] [Thread-2 (]: Using postgres connection "model.analytics.mart_doctors"
[0m08:28:13.893474 [debug] [Thread-1 (]: Using postgres connection "model.analytics.mart_visits"
[0m08:28:13.893474 [debug] [Thread-2 (]: On model.analytics.mart_doctors: /* {"app": "dbt", "dbt_version": "1.11.2", "profile_name": "analytics", "target_name": "dev", "node_id": "model.analytics.mart_doctors"} */
alter table "clinic_db"."public"."mart_doctors" rename to "mart_doctors__dbt_backup"
[0m08:28:13.893474 [debug] [Thread-3 (]: SQL status: ALTER TABLE in 0.001 seconds
[0m08:28:13.893474 [debug] [Thread-1 (]: On model.analytics.mart_visits: /* {"app": "dbt", "dbt_version": "1.11.2", "profile_name": "analytics", "target_name": "dev", "node_id": "model.analytics.mart_visits"} */
alter table "clinic_db"."public"."mart_visits" rename to "mart_visits__dbt_backup"
[0m08:28:13.898987 [debug] [Thread-3 (]: Using postgres connection "model.analytics.mart_patients"
[0m08:28:13.898987 [debug] [Thread-4 (]: SQL status: DROP VIEW in 0.006 seconds
[0m08:28:13.898987 [debug] [Thread-2 (]: SQL status: ALTER TABLE in 0.004 seconds
[0m08:28:13.898987 [debug] [Thread-3 (]: On model.analytics.mart_patients: /* {"app": "dbt", "dbt_version": "1.11.2", "profile_name": "analytics", "target_name": "dev", "node_id": "model.analytics.mart_patients"} */
alter table "clinic_db"."public"."mart_patients__dbt_tmp" rename to "mart_patients"
[0m08:28:13.898987 [debug] [Thread-4 (]: On model.analytics.stg_visits: Close
[0m08:28:13.898987 [debug] [Thread-1 (]: SQL status: ALTER TABLE in 0.002 seconds
[0m08:28:13.898987 [debug] [Thread-2 (]: Using postgres connection "model.analytics.mart_doctors"
[0m08:28:13.909031 [debug] [Thread-4 (]: Sending event: {'category': 'dbt', 'action': 'run_model', 'label': '06a9359b-8035-465d-bfc9-03aaefb6032f', 'context': [<snowplow_tracker.self_describing_json.SelfDescribingJson object at 0x000001128A29FC50>]}
[0m08:28:13.909577 [debug] [Thread-3 (]: SQL status: ALTER TABLE in 0.001 seconds
[0m08:28:13.909577 [debug] [Thread-1 (]: Using postgres connection "model.analytics.mart_visits"
[0m08:28:13.909577 [debug] [Thread-2 (]: On model.analytics.mart_doctors: /* {"app": "dbt", "dbt_version": "1.11.2", "profile_name": "analytics", "target_name": "dev", "node_id": "model.analytics.mart_doctors"} */
alter table "clinic_db"."public"."mart_doctors__dbt_tmp" rename to "mart_doctors"
[0m08:28:13.909577 [debug] [Thread-3 (]: On model.analytics.mart_patients: COMMIT
[0m08:28:13.909577 [info ] [Thread-4 (]: 5 of 10 OK created sql view model public.stg_visits ............................ [[32mCREATE VIEW[0m in 0.12s]
[0m08:28:13.909577 [debug] [Thread-1 (]: On model.analytics.mart_visits: /* {"app": "dbt", "dbt_version": "1.11.2", "profile_name": "analytics", "target_name": "dev", "node_id": "model.analytics.mart_visits"} */
alter table "clinic_db"."public"."mart_visits__dbt_tmp" rename to "mart_visits"
[0m08:28:13.909577 [debug] [Thread-3 (]: Using postgres connection "model.analytics.mart_patients"
[0m08:28:13.909577 [debug] [Thread-4 (]: Finished running node model.analytics.stg_visits
[0m08:28:13.909577 [debug] [Thread-2 (]: SQL status: ALTER TABLE in 0.001 seconds
[0m08:28:13.909577 [debug] [Thread-3 (]: On model.analytics.mart_patients: COMMIT
[0m08:28:13.919093 [debug] [Thread-4 (]: Began running node model.analytics.kpi_patient2
[0m08:28:13.919203 [debug] [Thread-1 (]: SQL status: ALTER TABLE in 0.001 seconds
[0m08:28:13.919203 [debug] [Thread-2 (]: On model.analytics.mart_doctors: COMMIT
[0m08:28:13.919203 [info ] [Thread-4 (]: 9 of 10 START sql table model public.kpi_patient2 .............................. [RUN]
[0m08:28:13.919203 [debug] [Thread-1 (]: On model.analytics.mart_visits: COMMIT
[0m08:28:13.919203 [debug] [Thread-3 (]: SQL status: COMMIT in 0.002 seconds
[0m08:28:13.919203 [debug] [Thread-2 (]: Using postgres connection "model.analytics.mart_doctors"
[0m08:28:13.924789 [debug] [Thread-4 (]: Re-using an available connection from the pool (formerly model.analytics.stg_visits, now model.analytics.kpi_patient2)
[0m08:28:13.925293 [debug] [Thread-1 (]: Using postgres connection "model.analytics.mart_visits"
[0m08:28:13.929379 [debug] [Thread-3 (]: Applying DROP to: "clinic_db"."public"."mart_patients__dbt_backup"
[0m08:28:13.929379 [debug] [Thread-2 (]: On model.analytics.mart_doctors: COMMIT
[0m08:28:13.929379 [debug] [Thread-4 (]: Began compiling node model.analytics.kpi_patient2
[0m08:28:13.929379 [debug] [Thread-1 (]: On model.analytics.mart_visits: COMMIT
[0m08:28:13.929379 [debug] [Thread-3 (]: Using postgres connection "model.analytics.mart_patients"
[0m08:28:13.929379 [debug] [Thread-4 (]: Writing injected SQL for node "model.analytics.kpi_patient2"
[0m08:28:13.929379 [debug] [Thread-2 (]: SQL status: COMMIT in 0.003 seconds
[0m08:28:13.929379 [debug] [Thread-3 (]: On model.analytics.mart_patients: /* {"app": "dbt", "dbt_version": "1.11.2", "profile_name": "analytics", "target_name": "dev", "node_id": "model.analytics.mart_patients"} */
drop table if exists "clinic_db"."public"."mart_patients__dbt_backup" cascade
[0m08:28:13.940536 [debug] [Thread-1 (]: SQL status: COMMIT in 0.002 seconds
[0m08:28:13.941044 [debug] [Thread-2 (]: Applying DROP to: "clinic_db"."public"."mart_doctors__dbt_backup"
[0m08:28:13.941044 [debug] [Thread-4 (]: Began executing node model.analytics.kpi_patient2
[0m08:28:13.941044 [debug] [Thread-1 (]: Applying DROP to: "clinic_db"."public"."mart_visits__dbt_backup"
[0m08:28:13.941044 [debug] [Thread-2 (]: Using postgres connection "model.analytics.mart_doctors"
[0m08:28:13.941044 [debug] [Thread-3 (]: SQL status: DROP TABLE in 0.004 seconds
[0m08:28:13.949679 [debug] [Thread-4 (]: Writing runtime sql for node "model.analytics.kpi_patient2"
[0m08:28:13.949679 [debug] [Thread-1 (]: Using postgres connection "model.analytics.mart_visits"
[0m08:28:13.949679 [debug] [Thread-2 (]: On model.analytics.mart_doctors: /* {"app": "dbt", "dbt_version": "1.11.2", "profile_name": "analytics", "target_name": "dev", "node_id": "model.analytics.mart_doctors"} */
drop table if exists "clinic_db"."public"."mart_doctors__dbt_backup" cascade
[0m08:28:13.949679 [debug] [Thread-3 (]: On model.analytics.mart_patients: Close
[0m08:28:13.949679 [debug] [Thread-1 (]: On model.analytics.mart_visits: /* {"app": "dbt", "dbt_version": "1.11.2", "profile_name": "analytics", "target_name": "dev", "node_id": "model.analytics.mart_visits"} */
drop table if exists "clinic_db"."public"."mart_visits__dbt_backup" cascade
[0m08:28:13.949679 [debug] [Thread-4 (]: Using postgres connection "model.analytics.kpi_patient2"
[0m08:28:13.949679 [debug] [Thread-3 (]: Sending event: {'category': 'dbt', 'action': 'run_model', 'label': '06a9359b-8035-465d-bfc9-03aaefb6032f', 'context': [<snowplow_tracker.self_describing_json.SelfDescribingJson object at 0x0000011289C66C50>]}
[0m08:28:13.956238 [debug] [Thread-4 (]: On model.analytics.kpi_patient2: /* {"app": "dbt", "dbt_version": "1.11.2", "profile_name": "analytics", "target_name": "dev", "node_id": "model.analytics.kpi_patient2"} */

  
    

  create  table "clinic_db"."public"."kpi_patient2__dbt_tmp"
  
  
    as
  
  (
    select
    count(distinct patient_id) as total_patients
from "clinic_db"."public"."stg_patient2"
  );
  
[0m08:28:13.956743 [info ] [Thread-3 (]: 6 of 10 OK created sql table model public.mart_patients ........................ [[32mSELECT 2[0m in 0.15s]
[0m08:28:13.956743 [debug] [Thread-2 (]: SQL status: DROP TABLE in 0.004 seconds
[0m08:28:13.956743 [debug] [Thread-4 (]: Opening a new connection, currently in state closed
[0m08:28:13.956743 [debug] [Thread-3 (]: Finished running node model.analytics.mart_patients
[0m08:28:13.959847 [debug] [Thread-1 (]: SQL status: DROP TABLE in 0.004 seconds
[0m08:28:13.959847 [debug] [Thread-2 (]: On model.analytics.mart_doctors: Close
[0m08:28:13.959847 [debug] [Thread-3 (]: Began running node model.analytics.kpi_revenue_by_doctor
[0m08:28:13.959847 [debug] [Thread-1 (]: On model.analytics.mart_visits: Close
[0m08:28:13.959847 [debug] [Thread-2 (]: Sending event: {'category': 'dbt', 'action': 'run_model', 'label': '06a9359b-8035-465d-bfc9-03aaefb6032f', 'context': [<snowplow_tracker.self_describing_json.SelfDescribingJson object at 0x0000011288A86D10>]}
[0m08:28:13.959847 [info ] [Thread-3 (]: 10 of 10 START sql table model public.kpi_revenue_by_doctor .................... [RUN]
[0m08:28:13.959847 [debug] [Thread-1 (]: Sending event: {'category': 'dbt', 'action': 'run_model', 'label': '06a9359b-8035-465d-bfc9-03aaefb6032f', 'context': [<snowplow_tracker.self_describing_json.SelfDescribingJson object at 0x0000011289CCB390>]}
[0m08:28:13.959847 [info ] [Thread-2 (]: 8 of 10 OK created sql table model public.mart_doctors ......................... [[32mSELECT 20[0m in 0.16s]
[0m08:28:13.959847 [debug] [Thread-3 (]: Re-using an available connection from the pool (formerly model.analytics.mart_patients, now model.analytics.kpi_revenue_by_doctor)
[0m08:28:13.959847 [info ] [Thread-1 (]: 7 of 10 OK created sql table model public.mart_visits .......................... [[32mSELECT 2[0m in 0.16s]
[0m08:28:13.959847 [debug] [Thread-2 (]: Finished running node model.analytics.mart_doctors
[0m08:28:13.969853 [debug] [Thread-3 (]: Began compiling node model.analytics.kpi_revenue_by_doctor
[0m08:28:13.969926 [debug] [Thread-1 (]: Finished running node model.analytics.mart_visits
[0m08:28:13.972500 [debug] [Thread-3 (]: Writing injected SQL for node "model.analytics.kpi_revenue_by_doctor"
[0m08:28:13.972500 [debug] [Thread-3 (]: Began executing node model.analytics.kpi_revenue_by_doctor
[0m08:28:13.972500 [debug] [Thread-3 (]: Writing runtime sql for node "model.analytics.kpi_revenue_by_doctor"
[0m08:28:13.972500 [debug] [Thread-3 (]: Using postgres connection "model.analytics.kpi_revenue_by_doctor"
[0m08:28:13.980078 [debug] [Thread-3 (]: On model.analytics.kpi_revenue_by_doctor: /* {"app": "dbt", "dbt_version": "1.11.2", "profile_name": "analytics", "target_name": "dev", "node_id": "model.analytics.kpi_revenue_by_doctor"} */

  
    

  create  table "clinic_db"."public"."kpi_revenue_by_doctor__dbt_tmp"
  
  
    as
  
  (
    -- models/marts/kpi_revenue_by_doctor.sql

select
  d.doctor_id,
  d.specialty,
  sum(v.prix) as total_revenue
from "clinic_db"."public"."stg_visits" v
join "clinic_db"."public"."stg_doctors" d
  on v.doctor_id = d.doctor_id
where v.paye = true
group by 1,2
  );
  
[0m08:28:13.980078 [debug] [Thread-3 (]: Opening a new connection, currently in state closed
[0m08:28:13.980078 [debug] [Thread-4 (]: SQL status: SELECT 1 in 0.027 seconds
[0m08:28:13.988146 [debug] [Thread-4 (]: Using postgres connection "model.analytics.kpi_patient2"
[0m08:28:13.990158 [debug] [Thread-4 (]: On model.analytics.kpi_patient2: /* {"app": "dbt", "dbt_version": "1.11.2", "profile_name": "analytics", "target_name": "dev", "node_id": "model.analytics.kpi_patient2"} */
alter table "clinic_db"."public"."kpi_patient2" rename to "kpi_patient2__dbt_backup"
[0m08:28:13.990158 [debug] [Thread-4 (]: SQL status: ALTER TABLE in 0.001 seconds
[0m08:28:13.993771 [debug] [Thread-4 (]: Using postgres connection "model.analytics.kpi_patient2"
[0m08:28:13.993771 [debug] [Thread-4 (]: On model.analytics.kpi_patient2: /* {"app": "dbt", "dbt_version": "1.11.2", "profile_name": "analytics", "target_name": "dev", "node_id": "model.analytics.kpi_patient2"} */
alter table "clinic_db"."public"."kpi_patient2__dbt_tmp" rename to "kpi_patient2"
[0m08:28:13.993771 [debug] [Thread-4 (]: SQL status: ALTER TABLE in 0.001 seconds
[0m08:28:13.993771 [debug] [Thread-4 (]: On model.analytics.kpi_patient2: COMMIT
[0m08:28:13.993771 [debug] [Thread-4 (]: Using postgres connection "model.analytics.kpi_patient2"
[0m08:28:13.993771 [debug] [Thread-4 (]: On model.analytics.kpi_patient2: COMMIT
[0m08:28:14.001376 [debug] [Thread-4 (]: SQL status: COMMIT in 0.002 seconds
[0m08:28:14.003991 [debug] [Thread-4 (]: Applying DROP to: "clinic_db"."public"."kpi_patient2__dbt_backup"
[0m08:28:14.003991 [debug] [Thread-4 (]: Using postgres connection "model.analytics.kpi_patient2"
[0m08:28:14.003991 [debug] [Thread-4 (]: On model.analytics.kpi_patient2: /* {"app": "dbt", "dbt_version": "1.11.2", "profile_name": "analytics", "target_name": "dev", "node_id": "model.analytics.kpi_patient2"} */
drop table if exists "clinic_db"."public"."kpi_patient2__dbt_backup" cascade
[0m08:28:14.003991 [debug] [Thread-4 (]: SQL status: DROP TABLE in 0.003 seconds
[0m08:28:14.010642 [debug] [Thread-4 (]: On model.analytics.kpi_patient2: Close
[0m08:28:14.010642 [debug] [Thread-4 (]: Sending event: {'category': 'dbt', 'action': 'run_model', 'label': '06a9359b-8035-465d-bfc9-03aaefb6032f', 'context': [<snowplow_tracker.self_describing_json.SelfDescribingJson object at 0x0000011289D48C10>]}
[0m08:28:14.010642 [info ] [Thread-4 (]: 9 of 10 OK created sql table model public.kpi_patient2 ......................... [[32mSELECT 1[0m in 0.09s]
[0m08:28:14.010642 [debug] [Thread-4 (]: Finished running node model.analytics.kpi_patient2
[0m08:28:14.020786 [debug] [Thread-3 (]: SQL status: SELECT 20 in 0.040 seconds
[0m08:28:14.020786 [debug] [Thread-3 (]: Using postgres connection "model.analytics.kpi_revenue_by_doctor"
[0m08:28:14.026368 [debug] [Thread-3 (]: On model.analytics.kpi_revenue_by_doctor: /* {"app": "dbt", "dbt_version": "1.11.2", "profile_name": "analytics", "target_name": "dev", "node_id": "model.analytics.kpi_revenue_by_doctor"} */
alter table "clinic_db"."public"."kpi_revenue_by_doctor" rename to "kpi_revenue_by_doctor__dbt_backup"
[0m08:28:14.026368 [debug] [Thread-3 (]: SQL status: ALTER TABLE in 0.001 seconds
[0m08:28:14.026368 [debug] [Thread-3 (]: Using postgres connection "model.analytics.kpi_revenue_by_doctor"
[0m08:28:14.030872 [debug] [Thread-3 (]: On model.analytics.kpi_revenue_by_doctor: /* {"app": "dbt", "dbt_version": "1.11.2", "profile_name": "analytics", "target_name": "dev", "node_id": "model.analytics.kpi_revenue_by_doctor"} */
alter table "clinic_db"."public"."kpi_revenue_by_doctor__dbt_tmp" rename to "kpi_revenue_by_doctor"
[0m08:28:14.030872 [debug] [Thread-3 (]: SQL status: ALTER TABLE in 0.001 seconds
[0m08:28:14.030872 [debug] [Thread-3 (]: On model.analytics.kpi_revenue_by_doctor: COMMIT
[0m08:28:14.030872 [debug] [Thread-3 (]: Using postgres connection "model.analytics.kpi_revenue_by_doctor"
[0m08:28:14.030872 [debug] [Thread-3 (]: On model.analytics.kpi_revenue_by_doctor: COMMIT
[0m08:28:14.035513 [debug] [Thread-3 (]: SQL status: COMMIT in 0.003 seconds
[0m08:28:14.035513 [debug] [Thread-3 (]: Applying DROP to: "clinic_db"."public"."kpi_revenue_by_doctor__dbt_backup"
[0m08:28:14.041078 [debug] [Thread-3 (]: Using postgres connection "model.analytics.kpi_revenue_by_doctor"
[0m08:28:14.041078 [debug] [Thread-3 (]: On model.analytics.kpi_revenue_by_doctor: /* {"app": "dbt", "dbt_version": "1.11.2", "profile_name": "analytics", "target_name": "dev", "node_id": "model.analytics.kpi_revenue_by_doctor"} */
drop table if exists "clinic_db"."public"."kpi_revenue_by_doctor__dbt_backup" cascade
[0m08:28:14.041078 [debug] [Thread-3 (]: SQL status: DROP TABLE in 0.003 seconds
[0m08:28:14.041078 [debug] [Thread-3 (]: On model.analytics.kpi_revenue_by_doctor: Close
[0m08:28:14.041078 [debug] [Thread-3 (]: Sending event: {'category': 'dbt', 'action': 'run_model', 'label': '06a9359b-8035-465d-bfc9-03aaefb6032f', 'context': [<snowplow_tracker.self_describing_json.SelfDescribingJson object at 0x000001128A20DA90>]}
[0m08:28:14.041078 [info ] [Thread-3 (]: 10 of 10 OK created sql table model public.kpi_revenue_by_doctor ............... [[32mSELECT 20[0m in 0.08s]
[0m08:28:14.041078 [debug] [Thread-3 (]: Finished running node model.analytics.kpi_revenue_by_doctor
[0m08:28:14.051186 [debug] [MainThread]: On master: COMMIT
[0m08:28:14.051186 [debug] [MainThread]: Using postgres connection "master"
[0m08:28:14.051743 [debug] [MainThread]: On master: COMMIT
[0m08:28:14.051743 [debug] [MainThread]: Opening a new connection, currently in state closed
[0m08:28:14.071953 [debug] [MainThread]: SQL status: COMMIT in 0.027 seconds
[0m08:28:14.071953 [debug] [MainThread]: On master: Close
[0m08:28:14.071953 [debug] [MainThread]: Connection 'master' was properly closed.
[0m08:28:14.071953 [debug] [MainThread]: Connection 'list_clinic_db' was properly closed.
[0m08:28:14.071953 [debug] [MainThread]: Connection 'list_clinic_db_public' was properly closed.
[0m08:28:14.071953 [debug] [MainThread]: Connection 'model.analytics.mart_visits' was properly closed.
[0m08:28:14.082013 [debug] [MainThread]: Connection 'model.analytics.mart_doctors' was properly closed.
[0m08:28:14.082517 [debug] [MainThread]: Connection 'model.analytics.kpi_revenue_by_doctor' was properly closed.
[0m08:28:14.082517 [debug] [MainThread]: Connection 'model.analytics.kpi_patient2' was properly closed.
[0m08:28:14.082517 [info ] [MainThread]: 
[0m08:28:14.082517 [info ] [MainThread]: Finished running 5 table models, 5 view models in 0 hours 0 minutes and 0.75 seconds (0.75s).
[0m08:28:14.082517 [debug] [MainThread]: Command end result
[0m08:28:14.102932 [debug] [MainThread]: Wrote artifact WritableManifest to C:\Users\FD\data-stack\dbt\target\manifest.json
[0m08:28:14.102932 [debug] [MainThread]: Wrote artifact SemanticManifest to C:\Users\FD\data-stack\dbt\target\semantic_manifest.json
[0m08:28:14.113583 [debug] [MainThread]: Wrote artifact RunExecutionResult to C:\Users\FD\data-stack\dbt\target\run_results.json
[0m08:28:14.113583 [info ] [MainThread]: 
[0m08:28:14.113583 [info ] [MainThread]: [32mCompleted successfully[0m
[0m08:28:14.113583 [info ] [MainThread]: 
[0m08:28:14.113583 [info ] [MainThread]: Done. PASS=10 WARN=0 ERROR=0 SKIP=0 NO-OP=0 TOTAL=10
[0m08:28:14.113583 [debug] [MainThread]: Command `dbt run` succeeded at 08:28:14.113583 after 2.74 seconds
[0m08:28:14.113583 [debug] [MainThread]: Sending event: {'category': 'dbt', 'action': 'invocation', 'label': 'end', 'context': [<snowplow_tracker.self_describing_json.SelfDescribingJson object at 0x0000011281EB9990>, <snowplow_tracker.self_describing_json.SelfDescribingJson object at 0x0000011281EB8D50>, <snowplow_tracker.self_describing_json.SelfDescribingJson object at 0x0000011281EB9950>]}
[0m08:28:14.113583 [debug] [MainThread]: Flushing usage events
[0m08:28:15.266238 [debug] [MainThread]: An error was encountered while trying to flush usage events
[0m09:43:28.527584 [debug] [MainThread]: Sending event: {'category': 'dbt', 'action': 'invocation', 'label': 'start', 'context': [<snowplow_tracker.self_describing_json.SelfDescribingJson object at 0x0000025CCC547D50>, <snowplow_tracker.self_describing_json.SelfDescribingJson object at 0x0000025CCC581450>, <snowplow_tracker.self_describing_json.SelfDescribingJson object at 0x0000025CCC5CAA10>]}


============================== 09:43:28.527584 | 6e800467-f948-4318-a5cc-7a73519ba933 ==============================
[0m09:43:28.527584 [info ] [MainThread]: Running with dbt=1.11.2
[0m09:43:28.527584 [debug] [MainThread]: running dbt with arguments {'version_check': 'True', 'no_print': 'None', 'static_parser': 'True', 'warn_error_options': 'WarnErrorOptionsV2(error=[], warn=[], silence=[])', 'target_path': 'None', 'printer_width': '80', 'write_json': 'True', 'empty': 'None', 'log_cache_events': 'False', 'introspect': 'True', 'cache_selected_only': 'False', 'log_format': 'default', 'debug': 'False', 'fail_fast': 'False', 'profiles_dir': 'C:\\Users\\FD\\.dbt', 'send_anonymous_usage_stats': 'True', 'quiet': 'False', 'warn_error': 'None', 'partial_parse': 'True', 'indirect_selection': 'eager', 'use_colors': 'True', 'invocation_command': 'dbt debug', 'use_experimental_parser': 'False', 'log_path': 'C:\\Users\\FD\\data-stack\\dbt\\logs'}
[0m09:43:28.559476 [info ] [MainThread]: dbt version: 1.11.2
[0m09:43:28.559476 [info ] [MainThread]: python version: 3.11.9
[0m09:43:28.559476 [info ] [MainThread]: python path: C:\Users\FD\AppData\Local\Programs\Python\Python311\python.exe
[0m09:43:28.559476 [info ] [MainThread]: os info: Windows-10-10.0.22631-SP0
[0m09:43:28.769435 [info ] [MainThread]: Using profiles dir at C:\Users\FD\.dbt
[0m09:43:28.775956 [info ] [MainThread]: Using profiles.yml file at C:\Users\FD\.dbt\profiles.yml
[0m09:43:28.775956 [info ] [MainThread]: Using dbt_project.yml file at C:\Users\FD\data-stack\dbt\dbt_project.yml
[0m09:43:28.777476 [info ] [MainThread]: adapter type: postgres
[0m09:43:28.777476 [info ] [MainThread]: adapter version: 1.10.0
[0m09:43:28.935008 [info ] [MainThread]: Configuration:
[0m09:43:28.935008 [info ] [MainThread]:   profiles.yml file [[32mOK found and valid[0m]
[0m09:43:28.935008 [info ] [MainThread]:   dbt_project.yml file [[32mOK found and valid[0m]
[0m09:43:28.935008 [info ] [MainThread]: Required dependencies:
[0m09:43:28.935008 [debug] [MainThread]: Executing "git --help"
[0m09:43:28.973831 [debug] [MainThread]: STDOUT: "b"usage: git [-v | --version] [-h | --help] [-C <path>] [-c <name>=<value>]\n           [--exec-path[=<path>]] [--html-path] [--man-path] [--info-path]\n           [-p | --paginate | -P | --no-pager] [--no-replace-objects] [--no-lazy-fetch]\n           [--no-optional-locks] [--no-advice] [--bare] [--git-dir=<path>]\n           [--work-tree=<path>] [--namespace=<name>] [--config-env=<name>=<envvar>]\n           <command> [<args>]\n\nThese are common Git commands used in various situations:\n\nstart a working area (see also: git help tutorial)\n   clone      Clone a repository into a new directory\n   init       Create an empty Git repository or reinitialize an existing one\n\nwork on the current change (see also: git help everyday)\n   add        Add file contents to the index\n   mv         Move or rename a file, a directory, or a symlink\n   restore    Restore working tree files\n   rm         Remove files from the working tree and from the index\n\nexamine the history and state (see also: git help revisions)\n   bisect     Use binary search to find the commit that introduced a bug\n   diff       Show changes between commits, commit and working tree, etc\n   grep       Print lines matching a pattern\n   log        Show commit logs\n   show       Show various types of objects\n   status     Show the working tree status\n\ngrow, mark and tweak your common history\n   backfill   Download missing objects in a partial clone\n   branch     List, create, or delete branches\n   commit     Record changes to the repository\n   merge      Join two or more development histories together\n   rebase     Reapply commits on top of another base tip\n   reset      Reset current HEAD to the specified state\n   switch     Switch branches\n   tag        Create, list, delete or verify a tag object signed with GPG\n\ncollaborate (see also: git help workflows)\n   fetch      Download objects and refs from another repository\n   pull       Fetch from and integrate with another repository or a local branch\n   push       Update remote refs along with associated objects\n\n'git help -a' and 'git help -g' list available subcommands and some\nconcept guides. See 'git help <command>' or 'git help <concept>'\nto read about a specific subcommand or concept.\nSee 'git help git' for an overview of the system.\n""
[0m09:43:28.973831 [debug] [MainThread]: STDERR: "b''"
[0m09:43:28.973831 [info ] [MainThread]:  - git [[32mOK found[0m]

[0m09:43:28.973831 [info ] [MainThread]: Connection:
[0m09:43:28.973831 [info ] [MainThread]:   host: localhost
[0m09:43:28.981864 [info ] [MainThread]:   port: 5432
[0m09:43:28.982405 [info ] [MainThread]:   user: data_user
[0m09:43:28.982405 [info ] [MainThread]:   database: clinic_db
[0m09:43:28.982405 [info ] [MainThread]:   schema: public
[0m09:43:28.982405 [info ] [MainThread]:   connect_timeout: 10
[0m09:43:28.983916 [info ] [MainThread]:   role: None
[0m09:43:28.983916 [info ] [MainThread]:   search_path: None
[0m09:43:28.983916 [info ] [MainThread]:   keepalives_idle: 0
[0m09:43:28.983916 [info ] [MainThread]:   sslmode: None
[0m09:43:28.983916 [info ] [MainThread]:   sslcert: None
[0m09:43:28.983916 [info ] [MainThread]:   sslkey: None
[0m09:43:28.983916 [info ] [MainThread]:   sslrootcert: None
[0m09:43:28.983916 [info ] [MainThread]:   application_name: dbt
[0m09:43:28.983916 [info ] [MainThread]:   retries: 1
[0m09:43:28.983916 [info ] [MainThread]: Registered adapter: postgres=1.10.0
[0m09:43:29.318104 [debug] [MainThread]: Acquiring new postgres connection 'debug'
[0m09:43:31.836050 [debug] [MainThread]: Using postgres connection "debug"
[0m09:43:31.836050 [debug] [MainThread]: On debug: select 1 as id
[0m09:43:31.836050 [debug] [MainThread]: Opening a new connection, currently in state init
[0m09:43:31.894099 [debug] [MainThread]: SQL status: SELECT 1 in 0.059 seconds
[0m09:43:31.894099 [debug] [MainThread]: On debug: Close
[0m09:43:31.894099 [info ] [MainThread]:   Connection test: [[32mOK connection ok[0m]

[0m09:43:31.894099 [info ] [MainThread]: [32mAll checks passed![0m
[0m09:43:31.894099 [debug] [MainThread]: Command `dbt debug` succeeded at 09:43:31.894099 after 3.48 seconds
[0m09:43:31.901198 [debug] [MainThread]: Connection 'debug' was properly closed.
[0m09:43:31.901703 [debug] [MainThread]: Sending event: {'category': 'dbt', 'action': 'invocation', 'label': 'end', 'context': [<snowplow_tracker.self_describing_json.SelfDescribingJson object at 0x0000025CCC543ED0>, <snowplow_tracker.self_describing_json.SelfDescribingJson object at 0x0000025CCB168F50>, <snowplow_tracker.self_describing_json.SelfDescribingJson object at 0x0000025CCD79F950>]}
[0m09:43:31.901703 [debug] [MainThread]: Flushing usage events
[0m09:43:32.921641 [debug] [MainThread]: An error was encountered while trying to flush usage events
